[0.056s] DEBUG:colcon:Command line arguments: ['/usr/bin/colcon', 'build', '--symlink-install', '--packages-select', 'fish_1_plugin', 'fish_2_plugin']
[0.056s] DEBUG:colcon:Parsed command line arguments: Namespace(log_base=None, log_level=None, verb_name='build', build_base='build', install_base='install', merge_install=False, symlink_install=True, test_result_base=None, continue_on_error=False, executor='parallel', parallel_workers=16, event_handlers=None, ignore_user_meta=False, metas=['./colcon.meta'], base_paths=['.'], packages_ignore=None, packages_ignore_regex=None, paths=None, packages_up_to=None, packages_up_to_regex=None, packages_above=None, packages_above_and_dependencies=None, packages_above_depth=None, packages_select_by_dep=None, packages_skip_by_dep=None, packages_skip_up_to=None, packages_select_build_failed=False, packages_skip_build_finished=False, packages_select_test_failures=False, packages_skip_test_passed=False, packages_select=['fish_1_plugin', 'fish_2_plugin'], packages_skip=None, packages_select_regex=None, packages_skip_regex=None, packages_start=None, packages_end=None, allow_overriding=[], cmake_args=None, cmake_target=None, cmake_target_skip_unavailable=False, cmake_clean_cache=False, cmake_clean_first=False, cmake_force_configure=False, ament_cmake_args=None, catkin_cmake_args=None, catkin_skip_building_tests=False, mixin_files=None, mixin=None, verb_parser=<colcon_mixin.mixin.mixin_argument.MixinArgumentDecorator object at 0x7f1e20f96440>, verb_extension=<colcon_core.verb.build.BuildVerb object at 0x7f1e20f95a50>, main=<bound method BuildVerb.main of <colcon_core.verb.build.BuildVerb object at 0x7f1e20f95a50>>, mixin_verb=('build',))
[0.148s] Level 1:colcon.colcon_core.package_discovery:discover_packages(colcon_meta) check parameters
[0.148s] Level 1:colcon.colcon_core.package_discovery:discover_packages(recursive) check parameters
[0.148s] Level 1:colcon.colcon_core.package_discovery:discover_packages(ignore) check parameters
[0.148s] Level 1:colcon.colcon_core.package_discovery:discover_packages(path) check parameters
[0.148s] Level 1:colcon.colcon_core.package_discovery:discover_packages(colcon_meta) discover
[0.148s] Level 1:colcon.colcon_core.package_discovery:discover_packages(recursive) discover
[0.148s] INFO:colcon.colcon_core.package_discovery:Crawling recursively for packages in '/home/louis/uuv_ws/src/Plankton'
[0.148s] Level 1:colcon.colcon_core.package_identification:_identify(.) by extensions ['ignore', 'ignore_ament_install']
[0.148s] Level 1:colcon.colcon_core.package_identification:_identify(.) by extension 'ignore'
[0.148s] Level 1:colcon.colcon_core.package_identification:_identify(.) by extension 'ignore_ament_install'
[0.148s] Level 1:colcon.colcon_core.package_identification:_identify(.) by extensions ['colcon_pkg']
[0.148s] Level 1:colcon.colcon_core.package_identification:_identify(.) by extension 'colcon_pkg'
[0.148s] Level 1:colcon.colcon_core.package_identification:_identify(.) by extensions ['colcon_meta']
[0.148s] Level 1:colcon.colcon_core.package_identification:_identify(.) by extension 'colcon_meta'
[0.149s] Level 1:colcon.colcon_core.package_identification:_identify(.) by extensions ['ros']
[0.149s] Level 1:colcon.colcon_core.package_identification:_identify(.) by extension 'ros'
[0.167s] Level 1:colcon.colcon_core.package_identification:_identify(.) by extensions ['cmake', 'python']
[0.168s] Level 1:colcon.colcon_core.package_identification:_identify(.) by extension 'cmake'
[0.168s] Level 1:colcon.colcon_core.package_identification:_identify(.) by extension 'python'
[0.168s] Level 1:colcon.colcon_core.package_identification:_identify(.) by extensions ['python_setup_py']
[0.168s] Level 1:colcon.colcon_core.package_identification:_identify(.) by extension 'python_setup_py'
[0.168s] Level 1:colcon.colcon_core.package_identification:_identify(bluerov2_heavy_control) by extensions ['ignore', 'ignore_ament_install']
[0.168s] Level 1:colcon.colcon_core.package_identification:_identify(bluerov2_heavy_control) by extension 'ignore'
[0.168s] Level 1:colcon.colcon_core.package_identification:_identify(bluerov2_heavy_control) by extension 'ignore_ament_install'
[0.168s] Level 1:colcon.colcon_core.package_identification:_identify(bluerov2_heavy_control) by extensions ['colcon_pkg']
[0.168s] Level 1:colcon.colcon_core.package_identification:_identify(bluerov2_heavy_control) by extension 'colcon_pkg'
[0.168s] Level 1:colcon.colcon_core.package_identification:_identify(bluerov2_heavy_control) by extensions ['colcon_meta']
[0.168s] Level 1:colcon.colcon_core.package_identification:_identify(bluerov2_heavy_control) by extension 'colcon_meta'
[0.168s] Level 1:colcon.colcon_core.package_identification:_identify(bluerov2_heavy_control) by extensions ['ros']
[0.168s] Level 1:colcon.colcon_core.package_identification:_identify(bluerov2_heavy_control) by extension 'ros'
[0.168s] Level 1:colcon.colcon_core.package_identification:_identify(bluerov2_heavy_control) by extensions ['cmake', 'python']
[0.168s] Level 1:colcon.colcon_core.package_identification:_identify(bluerov2_heavy_control) by extension 'cmake'
[0.168s] Level 1:colcon.colcon_core.package_identification:_identify(bluerov2_heavy_control) by extension 'python'
[0.168s] Level 1:colcon.colcon_core.package_identification:_identify(bluerov2_heavy_control) by extensions ['python_setup_py']
[0.168s] Level 1:colcon.colcon_core.package_identification:_identify(bluerov2_heavy_control) by extension 'python_setup_py'
[0.168s] Level 1:colcon.colcon_core.package_identification:_identify(bluerov2_heavy_control/bluerov2_heavy_thruster_manager) by extensions ['ignore', 'ignore_ament_install']
[0.168s] Level 1:colcon.colcon_core.package_identification:_identify(bluerov2_heavy_control/bluerov2_heavy_thruster_manager) by extension 'ignore'
[0.168s] Level 1:colcon.colcon_core.package_identification:_identify(bluerov2_heavy_control/bluerov2_heavy_thruster_manager) by extension 'ignore_ament_install'
[0.168s] Level 1:colcon.colcon_core.package_identification:_identify(bluerov2_heavy_control/bluerov2_heavy_thruster_manager) by extensions ['colcon_pkg']
[0.168s] Level 1:colcon.colcon_core.package_identification:_identify(bluerov2_heavy_control/bluerov2_heavy_thruster_manager) by extension 'colcon_pkg'
[0.168s] Level 1:colcon.colcon_core.package_identification:_identify(bluerov2_heavy_control/bluerov2_heavy_thruster_manager) by extensions ['colcon_meta']
[0.168s] Level 1:colcon.colcon_core.package_identification:_identify(bluerov2_heavy_control/bluerov2_heavy_thruster_manager) by extension 'colcon_meta'
[0.168s] Level 1:colcon.colcon_core.package_identification:_identify(bluerov2_heavy_control/bluerov2_heavy_thruster_manager) by extensions ['ros']
[0.168s] Level 1:colcon.colcon_core.package_identification:_identify(bluerov2_heavy_control/bluerov2_heavy_thruster_manager) by extension 'ros'
[0.169s] DEBUG:colcon.colcon_core.package_identification:Package 'bluerov2_heavy_control/bluerov2_heavy_thruster_manager' with type 'ros.ament_cmake' and name 'bluerov2_heavy_thruster_manager'
[0.169s] Level 1:colcon.colcon_core.package_identification:_identify(build) by extensions ['ignore', 'ignore_ament_install']
[0.169s] Level 1:colcon.colcon_core.package_identification:_identify(build) by extension 'ignore'
[0.169s] Level 1:colcon.colcon_core.package_identification:_identify(build) ignored
[0.169s] Level 1:colcon.colcon_core.package_identification:_identify(fish_1_plugin) by extensions ['ignore', 'ignore_ament_install']
[0.169s] Level 1:colcon.colcon_core.package_identification:_identify(fish_1_plugin) by extension 'ignore'
[0.170s] Level 1:colcon.colcon_core.package_identification:_identify(fish_1_plugin) by extension 'ignore_ament_install'
[0.170s] Level 1:colcon.colcon_core.package_identification:_identify(fish_1_plugin) by extensions ['colcon_pkg']
[0.170s] Level 1:colcon.colcon_core.package_identification:_identify(fish_1_plugin) by extension 'colcon_pkg'
[0.170s] Level 1:colcon.colcon_core.package_identification:_identify(fish_1_plugin) by extensions ['colcon_meta']
[0.170s] Level 1:colcon.colcon_core.package_identification:_identify(fish_1_plugin) by extension 'colcon_meta'
[0.170s] Level 1:colcon.colcon_core.package_identification:_identify(fish_1_plugin) by extensions ['ros']
[0.170s] Level 1:colcon.colcon_core.package_identification:_identify(fish_1_plugin) by extension 'ros'
[0.170s] Level 1:colcon.colcon_core.package_identification:_identify(fish_1_plugin) by extensions ['cmake', 'python']
[0.170s] Level 1:colcon.colcon_core.package_identification:_identify(fish_1_plugin) by extension 'cmake'
[0.170s] Level 1:colcon.colcon_core.package_identification:_identify(fish_1_plugin) by extension 'python'
[0.170s] DEBUG:colcon.colcon_core.package_identification:Package 'fish_1_plugin' with type 'cmake' and name 'animated_fish1'
[0.170s] Level 1:colcon.colcon_core.package_identification:_identify(fish_2_plugin) by extensions ['ignore', 'ignore_ament_install']
[0.170s] Level 1:colcon.colcon_core.package_identification:_identify(fish_2_plugin) by extension 'ignore'
[0.170s] Level 1:colcon.colcon_core.package_identification:_identify(fish_2_plugin) by extension 'ignore_ament_install'
[0.170s] Level 1:colcon.colcon_core.package_identification:_identify(fish_2_plugin) by extensions ['colcon_pkg']
[0.170s] Level 1:colcon.colcon_core.package_identification:_identify(fish_2_plugin) by extension 'colcon_pkg'
[0.170s] Level 1:colcon.colcon_core.package_identification:_identify(fish_2_plugin) by extensions ['colcon_meta']
[0.170s] Level 1:colcon.colcon_core.package_identification:_identify(fish_2_plugin) by extension 'colcon_meta'
[0.170s] Level 1:colcon.colcon_core.package_identification:_identify(fish_2_plugin) by extensions ['ros']
[0.170s] Level 1:colcon.colcon_core.package_identification:_identify(fish_2_plugin) by extension 'ros'
[0.170s] Level 1:colcon.colcon_core.package_identification:_identify(fish_2_plugin) by extensions ['cmake', 'python']
[0.171s] Level 1:colcon.colcon_core.package_identification:_identify(fish_2_plugin) by extension 'cmake'
[0.171s] Level 1:colcon.colcon_core.package_identification:_identify(fish_2_plugin) by extension 'python'
[0.171s] DEBUG:colcon.colcon_core.package_identification:Package 'fish_2_plugin' with type 'cmake' and name 'animated_fish2'
[0.171s] Level 1:colcon.colcon_core.package_identification:_identify(install) by extensions ['ignore', 'ignore_ament_install']
[0.171s] Level 1:colcon.colcon_core.package_identification:_identify(install) by extension 'ignore'
[0.171s] Level 1:colcon.colcon_core.package_identification:_identify(install) ignored
[0.171s] Level 1:colcon.colcon_core.package_identification:_identify(log) by extensions ['ignore', 'ignore_ament_install']
[0.171s] Level 1:colcon.colcon_core.package_identification:_identify(log) by extension 'ignore'
[0.171s] Level 1:colcon.colcon_core.package_identification:_identify(log) ignored
[0.171s] Level 1:colcon.colcon_core.package_identification:_identify(plankton) by extensions ['ignore', 'ignore_ament_install']
[0.171s] Level 1:colcon.colcon_core.package_identification:_identify(plankton) by extension 'ignore'
[0.171s] Level 1:colcon.colcon_core.package_identification:_identify(plankton) by extension 'ignore_ament_install'
[0.171s] Level 1:colcon.colcon_core.package_identification:_identify(plankton) by extensions ['colcon_pkg']
[0.171s] Level 1:colcon.colcon_core.package_identification:_identify(plankton) by extension 'colcon_pkg'
[0.171s] Level 1:colcon.colcon_core.package_identification:_identify(plankton) by extensions ['colcon_meta']
[0.171s] Level 1:colcon.colcon_core.package_identification:_identify(plankton) by extension 'colcon_meta'
[0.171s] Level 1:colcon.colcon_core.package_identification:_identify(plankton) by extensions ['ros']
[0.171s] Level 1:colcon.colcon_core.package_identification:_identify(plankton) by extension 'ros'
[0.171s] DEBUG:colcon.colcon_core.package_identification:Package 'plankton' with type 'ros.ament_cmake' and name 'plankton'
[0.171s] Level 1:colcon.colcon_core.package_identification:_identify(plankton_utils) by extensions ['ignore', 'ignore_ament_install']
[0.171s] Level 1:colcon.colcon_core.package_identification:_identify(plankton_utils) by extension 'ignore'
[0.171s] Level 1:colcon.colcon_core.package_identification:_identify(plankton_utils) by extension 'ignore_ament_install'
[0.171s] Level 1:colcon.colcon_core.package_identification:_identify(plankton_utils) by extensions ['colcon_pkg']
[0.171s] Level 1:colcon.colcon_core.package_identification:_identify(plankton_utils) by extension 'colcon_pkg'
[0.172s] Level 1:colcon.colcon_core.package_identification:_identify(plankton_utils) by extensions ['colcon_meta']
[0.172s] Level 1:colcon.colcon_core.package_identification:_identify(plankton_utils) by extension 'colcon_meta'
[0.172s] Level 1:colcon.colcon_core.package_identification:_identify(plankton_utils) by extensions ['ros']
[0.172s] Level 1:colcon.colcon_core.package_identification:_identify(plankton_utils) by extension 'ros'
[0.172s] DEBUG:colcon.colcon_core.package_identification:Package 'plankton_utils' with type 'ros.ament_cmake' and name 'plankton_utils'
[0.172s] Level 1:colcon.colcon_core.package_identification:_identify(tools) by extensions ['ignore', 'ignore_ament_install']
[0.172s] Level 1:colcon.colcon_core.package_identification:_identify(tools) by extension 'ignore'
[0.172s] Level 1:colcon.colcon_core.package_identification:_identify(tools) by extension 'ignore_ament_install'
[0.172s] Level 1:colcon.colcon_core.package_identification:_identify(tools) by extensions ['colcon_pkg']
[0.172s] Level 1:colcon.colcon_core.package_identification:_identify(tools) by extension 'colcon_pkg'
[0.172s] Level 1:colcon.colcon_core.package_identification:_identify(tools) by extensions ['colcon_meta']
[0.172s] Level 1:colcon.colcon_core.package_identification:_identify(tools) by extension 'colcon_meta'
[0.172s] Level 1:colcon.colcon_core.package_identification:_identify(tools) by extensions ['ros']
[0.172s] Level 1:colcon.colcon_core.package_identification:_identify(tools) by extension 'ros'
[0.172s] Level 1:colcon.colcon_core.package_identification:_identify(tools) by extensions ['cmake', 'python']
[0.172s] Level 1:colcon.colcon_core.package_identification:_identify(tools) by extension 'cmake'
[0.172s] Level 1:colcon.colcon_core.package_identification:_identify(tools) by extension 'python'
[0.172s] Level 1:colcon.colcon_core.package_identification:_identify(tools) by extensions ['python_setup_py']
[0.172s] Level 1:colcon.colcon_core.package_identification:_identify(tools) by extension 'python_setup_py'
[0.172s] Level 1:colcon.colcon_core.package_identification:_identify(user_needs) by extensions ['ignore', 'ignore_ament_install']
[0.172s] Level 1:colcon.colcon_core.package_identification:_identify(user_needs) by extension 'ignore'
[0.172s] Level 1:colcon.colcon_core.package_identification:_identify(user_needs) by extension 'ignore_ament_install'
[0.172s] Level 1:colcon.colcon_core.package_identification:_identify(user_needs) by extensions ['colcon_pkg']
[0.172s] Level 1:colcon.colcon_core.package_identification:_identify(user_needs) by extension 'colcon_pkg'
[0.172s] Level 1:colcon.colcon_core.package_identification:_identify(user_needs) by extensions ['colcon_meta']
[0.172s] Level 1:colcon.colcon_core.package_identification:_identify(user_needs) by extension 'colcon_meta'
[0.172s] Level 1:colcon.colcon_core.package_identification:_identify(user_needs) by extensions ['ros']
[0.172s] Level 1:colcon.colcon_core.package_identification:_identify(user_needs) by extension 'ros'
[0.172s] Level 1:colcon.colcon_core.package_identification:_identify(user_needs) by extensions ['cmake', 'python']
[0.172s] Level 1:colcon.colcon_core.package_identification:_identify(user_needs) by extension 'cmake'
[0.172s] Level 1:colcon.colcon_core.package_identification:_identify(user_needs) by extension 'python'
[0.172s] Level 1:colcon.colcon_core.package_identification:_identify(user_needs) by extensions ['python_setup_py']
[0.172s] Level 1:colcon.colcon_core.package_identification:_identify(user_needs) by extension 'python_setup_py'
[0.172s] Level 1:colcon.colcon_core.package_identification:_identify(uuv_assistants) by extensions ['ignore', 'ignore_ament_install']
[0.172s] Level 1:colcon.colcon_core.package_identification:_identify(uuv_assistants) by extension 'ignore'
[0.172s] Level 1:colcon.colcon_core.package_identification:_identify(uuv_assistants) by extension 'ignore_ament_install'
[0.173s] Level 1:colcon.colcon_core.package_identification:_identify(uuv_assistants) by extensions ['colcon_pkg']
[0.173s] Level 1:colcon.colcon_core.package_identification:_identify(uuv_assistants) by extension 'colcon_pkg'
[0.173s] Level 1:colcon.colcon_core.package_identification:_identify(uuv_assistants) by extensions ['colcon_meta']
[0.173s] Level 1:colcon.colcon_core.package_identification:_identify(uuv_assistants) by extension 'colcon_meta'
[0.173s] Level 1:colcon.colcon_core.package_identification:_identify(uuv_assistants) by extensions ['ros']
[0.173s] Level 1:colcon.colcon_core.package_identification:_identify(uuv_assistants) by extension 'ros'
[0.173s] DEBUG:colcon.colcon_core.package_identification:Package 'uuv_assistants' with type 'ros.ament_cmake' and name 'uuv_assistants'
[0.173s] Level 1:colcon.colcon_core.package_identification:_identify(uuv_control) by extensions ['ignore', 'ignore_ament_install']
[0.173s] Level 1:colcon.colcon_core.package_identification:_identify(uuv_control) by extension 'ignore'
[0.173s] Level 1:colcon.colcon_core.package_identification:_identify(uuv_control) by extension 'ignore_ament_install'
[0.173s] Level 1:colcon.colcon_core.package_identification:_identify(uuv_control) by extensions ['colcon_pkg']
[0.173s] Level 1:colcon.colcon_core.package_identification:_identify(uuv_control) by extension 'colcon_pkg'
[0.173s] Level 1:colcon.colcon_core.package_identification:_identify(uuv_control) by extensions ['colcon_meta']
[0.173s] Level 1:colcon.colcon_core.package_identification:_identify(uuv_control) by extension 'colcon_meta'
[0.173s] Level 1:colcon.colcon_core.package_identification:_identify(uuv_control) by extensions ['ros']
[0.173s] Level 1:colcon.colcon_core.package_identification:_identify(uuv_control) by extension 'ros'
[0.173s] Level 1:colcon.colcon_core.package_identification:_identify(uuv_control) by extensions ['cmake', 'python']
[0.173s] Level 1:colcon.colcon_core.package_identification:_identify(uuv_control) by extension 'cmake'
[0.173s] Level 1:colcon.colcon_core.package_identification:_identify(uuv_control) by extension 'python'
[0.173s] Level 1:colcon.colcon_core.package_identification:_identify(uuv_control) by extensions ['python_setup_py']
[0.173s] Level 1:colcon.colcon_core.package_identification:_identify(uuv_control) by extension 'python_setup_py'
[0.173s] Level 1:colcon.colcon_core.package_identification:_identify(uuv_control/uuv_auv_control_allocator) by extensions ['ignore', 'ignore_ament_install']
[0.173s] Level 1:colcon.colcon_core.package_identification:_identify(uuv_control/uuv_auv_control_allocator) by extension 'ignore'
[0.173s] Level 1:colcon.colcon_core.package_identification:_identify(uuv_control/uuv_auv_control_allocator) by extension 'ignore_ament_install'
[0.174s] Level 1:colcon.colcon_core.package_identification:_identify(uuv_control/uuv_auv_control_allocator) by extensions ['colcon_pkg']
[0.174s] Level 1:colcon.colcon_core.package_identification:_identify(uuv_control/uuv_auv_control_allocator) by extension 'colcon_pkg'
[0.174s] Level 1:colcon.colcon_core.package_identification:_identify(uuv_control/uuv_auv_control_allocator) by extensions ['colcon_meta']
[0.174s] Level 1:colcon.colcon_core.package_identification:_identify(uuv_control/uuv_auv_control_allocator) by extension 'colcon_meta'
[0.174s] Level 1:colcon.colcon_core.package_identification:_identify(uuv_control/uuv_auv_control_allocator) by extensions ['ros']
[0.174s] Level 1:colcon.colcon_core.package_identification:_identify(uuv_control/uuv_auv_control_allocator) by extension 'ros'
[0.174s] DEBUG:colcon.colcon_core.package_identification:Package 'uuv_control/uuv_auv_control_allocator' with type 'ros.ament_cmake' and name 'uuv_auv_control_allocator'
[0.174s] Level 1:colcon.colcon_core.package_identification:_identify(uuv_control/uuv_control_cascaded_pids) by extensions ['ignore', 'ignore_ament_install']
[0.174s] Level 1:colcon.colcon_core.package_identification:_identify(uuv_control/uuv_control_cascaded_pids) by extension 'ignore'
[0.174s] Level 1:colcon.colcon_core.package_identification:_identify(uuv_control/uuv_control_cascaded_pids) by extension 'ignore_ament_install'
[0.174s] Level 1:colcon.colcon_core.package_identification:_identify(uuv_control/uuv_control_cascaded_pids) by extensions ['colcon_pkg']
[0.174s] Level 1:colcon.colcon_core.package_identification:_identify(uuv_control/uuv_control_cascaded_pids) by extension 'colcon_pkg'
[0.174s] Level 1:colcon.colcon_core.package_identification:_identify(uuv_control/uuv_control_cascaded_pids) by extensions ['colcon_meta']
[0.174s] Level 1:colcon.colcon_core.package_identification:_identify(uuv_control/uuv_control_cascaded_pids) by extension 'colcon_meta'
[0.174s] Level 1:colcon.colcon_core.package_identification:_identify(uuv_control/uuv_control_cascaded_pids) by extensions ['ros']
[0.174s] Level 1:colcon.colcon_core.package_identification:_identify(uuv_control/uuv_control_cascaded_pids) by extension 'ros'
[0.175s] DEBUG:colcon.colcon_core.package_identification:Package 'uuv_control/uuv_control_cascaded_pids' with type 'ros.ament_cmake' and name 'uuv_control_cascaded_pid'
[0.175s] Level 1:colcon.colcon_core.package_identification:_identify(uuv_control/uuv_control_msgs) by extensions ['ignore', 'ignore_ament_install']
[0.175s] Level 1:colcon.colcon_core.package_identification:_identify(uuv_control/uuv_control_msgs) by extension 'ignore'
[0.175s] Level 1:colcon.colcon_core.package_identification:_identify(uuv_control/uuv_control_msgs) by extension 'ignore_ament_install'
[0.175s] Level 1:colcon.colcon_core.package_identification:_identify(uuv_control/uuv_control_msgs) by extensions ['colcon_pkg']
[0.175s] Level 1:colcon.colcon_core.package_identification:_identify(uuv_control/uuv_control_msgs) by extension 'colcon_pkg'
[0.175s] Level 1:colcon.colcon_core.package_identification:_identify(uuv_control/uuv_control_msgs) by extensions ['colcon_meta']
[0.175s] Level 1:colcon.colcon_core.package_identification:_identify(uuv_control/uuv_control_msgs) by extension 'colcon_meta'
[0.175s] Level 1:colcon.colcon_core.package_identification:_identify(uuv_control/uuv_control_msgs) by extensions ['ros']
[0.175s] Level 1:colcon.colcon_core.package_identification:_identify(uuv_control/uuv_control_msgs) by extension 'ros'
[0.175s] DEBUG:colcon.colcon_core.package_identification:Package 'uuv_control/uuv_control_msgs' with type 'ros.ament_cmake' and name 'uuv_control_msgs'
[0.175s] Level 1:colcon.colcon_core.package_identification:_identify(uuv_control/uuv_control_utils) by extensions ['ignore', 'ignore_ament_install']
[0.175s] Level 1:colcon.colcon_core.package_identification:_identify(uuv_control/uuv_control_utils) by extension 'ignore'
[0.175s] Level 1:colcon.colcon_core.package_identification:_identify(uuv_control/uuv_control_utils) by extension 'ignore_ament_install'
[0.175s] Level 1:colcon.colcon_core.package_identification:_identify(uuv_control/uuv_control_utils) by extensions ['colcon_pkg']
[0.175s] Level 1:colcon.colcon_core.package_identification:_identify(uuv_control/uuv_control_utils) by extension 'colcon_pkg'
[0.175s] Level 1:colcon.colcon_core.package_identification:_identify(uuv_control/uuv_control_utils) by extensions ['colcon_meta']
[0.175s] Level 1:colcon.colcon_core.package_identification:_identify(uuv_control/uuv_control_utils) by extension 'colcon_meta'
[0.175s] Level 1:colcon.colcon_core.package_identification:_identify(uuv_control/uuv_control_utils) by extensions ['ros']
[0.175s] Level 1:colcon.colcon_core.package_identification:_identify(uuv_control/uuv_control_utils) by extension 'ros'
[0.176s] DEBUG:colcon.colcon_core.package_identification:Package 'uuv_control/uuv_control_utils' with type 'ros.ament_cmake' and name 'uuv_control_utils'
[0.176s] Level 1:colcon.colcon_core.package_identification:_identify(uuv_control/uuv_thruster_manager) by extensions ['ignore', 'ignore_ament_install']
[0.176s] Level 1:colcon.colcon_core.package_identification:_identify(uuv_control/uuv_thruster_manager) by extension 'ignore'
[0.176s] Level 1:colcon.colcon_core.package_identification:_identify(uuv_control/uuv_thruster_manager) by extension 'ignore_ament_install'
[0.176s] Level 1:colcon.colcon_core.package_identification:_identify(uuv_control/uuv_thruster_manager) by extensions ['colcon_pkg']
[0.176s] Level 1:colcon.colcon_core.package_identification:_identify(uuv_control/uuv_thruster_manager) by extension 'colcon_pkg'
[0.176s] Level 1:colcon.colcon_core.package_identification:_identify(uuv_control/uuv_thruster_manager) by extensions ['colcon_meta']
[0.176s] Level 1:colcon.colcon_core.package_identification:_identify(uuv_control/uuv_thruster_manager) by extension 'colcon_meta'
[0.176s] Level 1:colcon.colcon_core.package_identification:_identify(uuv_control/uuv_thruster_manager) by extensions ['ros']
[0.176s] Level 1:colcon.colcon_core.package_identification:_identify(uuv_control/uuv_thruster_manager) by extension 'ros'
[0.176s] DEBUG:colcon.colcon_core.package_identification:Package 'uuv_control/uuv_thruster_manager' with type 'ros.ament_cmake' and name 'uuv_thruster_manager'
[0.176s] Level 1:colcon.colcon_core.package_identification:_identify(uuv_control/uuv_trajectory_control) by extensions ['ignore', 'ignore_ament_install']
[0.176s] Level 1:colcon.colcon_core.package_identification:_identify(uuv_control/uuv_trajectory_control) by extension 'ignore'
[0.176s] Level 1:colcon.colcon_core.package_identification:_identify(uuv_control/uuv_trajectory_control) by extension 'ignore_ament_install'
[0.176s] Level 1:colcon.colcon_core.package_identification:_identify(uuv_control/uuv_trajectory_control) by extensions ['colcon_pkg']
[0.176s] Level 1:colcon.colcon_core.package_identification:_identify(uuv_control/uuv_trajectory_control) by extension 'colcon_pkg'
[0.176s] Level 1:colcon.colcon_core.package_identification:_identify(uuv_control/uuv_trajectory_control) by extensions ['colcon_meta']
[0.176s] Level 1:colcon.colcon_core.package_identification:_identify(uuv_control/uuv_trajectory_control) by extension 'colcon_meta'
[0.176s] Level 1:colcon.colcon_core.package_identification:_identify(uuv_control/uuv_trajectory_control) by extensions ['ros']
[0.176s] Level 1:colcon.colcon_core.package_identification:_identify(uuv_control/uuv_trajectory_control) by extension 'ros'
[0.177s] DEBUG:colcon.colcon_core.package_identification:Package 'uuv_control/uuv_trajectory_control' with type 'ros.ament_cmake' and name 'uuv_trajectory_control'
[0.177s] Level 1:colcon.colcon_core.package_identification:_identify(uuv_descriptions) by extensions ['ignore', 'ignore_ament_install']
[0.177s] Level 1:colcon.colcon_core.package_identification:_identify(uuv_descriptions) by extension 'ignore'
[0.177s] Level 1:colcon.colcon_core.package_identification:_identify(uuv_descriptions) by extension 'ignore_ament_install'
[0.177s] Level 1:colcon.colcon_core.package_identification:_identify(uuv_descriptions) by extensions ['colcon_pkg']
[0.177s] Level 1:colcon.colcon_core.package_identification:_identify(uuv_descriptions) by extension 'colcon_pkg'
[0.177s] Level 1:colcon.colcon_core.package_identification:_identify(uuv_descriptions) by extensions ['colcon_meta']
[0.177s] Level 1:colcon.colcon_core.package_identification:_identify(uuv_descriptions) by extension 'colcon_meta'
[0.177s] Level 1:colcon.colcon_core.package_identification:_identify(uuv_descriptions) by extensions ['ros']
[0.177s] Level 1:colcon.colcon_core.package_identification:_identify(uuv_descriptions) by extension 'ros'
[0.177s] DEBUG:colcon.colcon_core.package_identification:Package 'uuv_descriptions' with type 'ros.ament_cmake' and name 'uuv_descriptions'
[0.177s] Level 1:colcon.colcon_core.package_identification:_identify(uuv_gazebo) by extensions ['ignore', 'ignore_ament_install']
[0.177s] Level 1:colcon.colcon_core.package_identification:_identify(uuv_gazebo) by extension 'ignore'
[0.178s] Level 1:colcon.colcon_core.package_identification:_identify(uuv_gazebo) by extension 'ignore_ament_install'
[0.178s] Level 1:colcon.colcon_core.package_identification:_identify(uuv_gazebo) by extensions ['colcon_pkg']
[0.178s] Level 1:colcon.colcon_core.package_identification:_identify(uuv_gazebo) by extension 'colcon_pkg'
[0.178s] Level 1:colcon.colcon_core.package_identification:_identify(uuv_gazebo) by extensions ['colcon_meta']
[0.178s] Level 1:colcon.colcon_core.package_identification:_identify(uuv_gazebo) by extension 'colcon_meta'
[0.178s] Level 1:colcon.colcon_core.package_identification:_identify(uuv_gazebo) by extensions ['ros']
[0.178s] Level 1:colcon.colcon_core.package_identification:_identify(uuv_gazebo) by extension 'ros'
[0.178s] DEBUG:colcon.colcon_core.package_identification:Package 'uuv_gazebo' with type 'ros.ament_cmake' and name 'uuv_gazebo'
[0.178s] Level 1:colcon.colcon_core.package_identification:_identify(uuv_gazebo_plugins) by extensions ['ignore', 'ignore_ament_install']
[0.178s] Level 1:colcon.colcon_core.package_identification:_identify(uuv_gazebo_plugins) by extension 'ignore'
[0.178s] Level 1:colcon.colcon_core.package_identification:_identify(uuv_gazebo_plugins) by extension 'ignore_ament_install'
[0.178s] Level 1:colcon.colcon_core.package_identification:_identify(uuv_gazebo_plugins) by extensions ['colcon_pkg']
[0.178s] Level 1:colcon.colcon_core.package_identification:_identify(uuv_gazebo_plugins) by extension 'colcon_pkg'
[0.178s] Level 1:colcon.colcon_core.package_identification:_identify(uuv_gazebo_plugins) by extensions ['colcon_meta']
[0.178s] Level 1:colcon.colcon_core.package_identification:_identify(uuv_gazebo_plugins) by extension 'colcon_meta'
[0.178s] Level 1:colcon.colcon_core.package_identification:_identify(uuv_gazebo_plugins) by extensions ['ros']
[0.178s] Level 1:colcon.colcon_core.package_identification:_identify(uuv_gazebo_plugins) by extension 'ros'
[0.178s] Level 1:colcon.colcon_core.package_identification:_identify(uuv_gazebo_plugins) by extensions ['cmake', 'python']
[0.178s] Level 1:colcon.colcon_core.package_identification:_identify(uuv_gazebo_plugins) by extension 'cmake'
[0.178s] Level 1:colcon.colcon_core.package_identification:_identify(uuv_gazebo_plugins) by extension 'python'
[0.178s] Level 1:colcon.colcon_core.package_identification:_identify(uuv_gazebo_plugins) by extensions ['python_setup_py']
[0.178s] Level 1:colcon.colcon_core.package_identification:_identify(uuv_gazebo_plugins) by extension 'python_setup_py'
[0.178s] Level 1:colcon.colcon_core.package_identification:_identify(uuv_gazebo_plugins/uuv_gazebo_plugins) by extensions ['ignore', 'ignore_ament_install']
[0.178s] Level 1:colcon.colcon_core.package_identification:_identify(uuv_gazebo_plugins/uuv_gazebo_plugins) by extension 'ignore'
[0.178s] Level 1:colcon.colcon_core.package_identification:_identify(uuv_gazebo_plugins/uuv_gazebo_plugins) by extension 'ignore_ament_install'
[0.178s] Level 1:colcon.colcon_core.package_identification:_identify(uuv_gazebo_plugins/uuv_gazebo_plugins) by extensions ['colcon_pkg']
[0.178s] Level 1:colcon.colcon_core.package_identification:_identify(uuv_gazebo_plugins/uuv_gazebo_plugins) by extension 'colcon_pkg'
[0.178s] Level 1:colcon.colcon_core.package_identification:_identify(uuv_gazebo_plugins/uuv_gazebo_plugins) by extensions ['colcon_meta']
[0.178s] Level 1:colcon.colcon_core.package_identification:_identify(uuv_gazebo_plugins/uuv_gazebo_plugins) by extension 'colcon_meta'
[0.178s] Level 1:colcon.colcon_core.package_identification:_identify(uuv_gazebo_plugins/uuv_gazebo_plugins) by extensions ['ros']
[0.178s] Level 1:colcon.colcon_core.package_identification:_identify(uuv_gazebo_plugins/uuv_gazebo_plugins) by extension 'ros'
[0.179s] DEBUG:colcon.colcon_core.package_identification:Package 'uuv_gazebo_plugins/uuv_gazebo_plugins' with type 'ros.ament_cmake' and name 'uuv_gazebo_plugins'
[0.179s] Level 1:colcon.colcon_core.package_identification:_identify(uuv_gazebo_plugins/uuv_gazebo_ros_plugins) by extensions ['ignore', 'ignore_ament_install']
[0.179s] Level 1:colcon.colcon_core.package_identification:_identify(uuv_gazebo_plugins/uuv_gazebo_ros_plugins) by extension 'ignore'
[0.179s] Level 1:colcon.colcon_core.package_identification:_identify(uuv_gazebo_plugins/uuv_gazebo_ros_plugins) by extension 'ignore_ament_install'
[0.179s] Level 1:colcon.colcon_core.package_identification:_identify(uuv_gazebo_plugins/uuv_gazebo_ros_plugins) by extensions ['colcon_pkg']
[0.179s] Level 1:colcon.colcon_core.package_identification:_identify(uuv_gazebo_plugins/uuv_gazebo_ros_plugins) by extension 'colcon_pkg'
[0.179s] Level 1:colcon.colcon_core.package_identification:_identify(uuv_gazebo_plugins/uuv_gazebo_ros_plugins) by extensions ['colcon_meta']
[0.179s] Level 1:colcon.colcon_core.package_identification:_identify(uuv_gazebo_plugins/uuv_gazebo_ros_plugins) by extension 'colcon_meta'
[0.179s] Level 1:colcon.colcon_core.package_identification:_identify(uuv_gazebo_plugins/uuv_gazebo_ros_plugins) by extensions ['ros']
[0.179s] Level 1:colcon.colcon_core.package_identification:_identify(uuv_gazebo_plugins/uuv_gazebo_ros_plugins) by extension 'ros'
[0.180s] DEBUG:colcon.colcon_core.package_identification:Package 'uuv_gazebo_plugins/uuv_gazebo_ros_plugins' with type 'ros.ament_cmake' and name 'uuv_gazebo_ros_plugins'
[0.180s] Level 1:colcon.colcon_core.package_identification:_identify(uuv_gazebo_plugins/uuv_gazebo_ros_plugins_msgs) by extensions ['ignore', 'ignore_ament_install']
[0.180s] Level 1:colcon.colcon_core.package_identification:_identify(uuv_gazebo_plugins/uuv_gazebo_ros_plugins_msgs) by extension 'ignore'
[0.180s] Level 1:colcon.colcon_core.package_identification:_identify(uuv_gazebo_plugins/uuv_gazebo_ros_plugins_msgs) by extension 'ignore_ament_install'
[0.180s] Level 1:colcon.colcon_core.package_identification:_identify(uuv_gazebo_plugins/uuv_gazebo_ros_plugins_msgs) by extensions ['colcon_pkg']
[0.180s] Level 1:colcon.colcon_core.package_identification:_identify(uuv_gazebo_plugins/uuv_gazebo_ros_plugins_msgs) by extension 'colcon_pkg'
[0.180s] Level 1:colcon.colcon_core.package_identification:_identify(uuv_gazebo_plugins/uuv_gazebo_ros_plugins_msgs) by extensions ['colcon_meta']
[0.180s] Level 1:colcon.colcon_core.package_identification:_identify(uuv_gazebo_plugins/uuv_gazebo_ros_plugins_msgs) by extension 'colcon_meta'
[0.180s] Level 1:colcon.colcon_core.package_identification:_identify(uuv_gazebo_plugins/uuv_gazebo_ros_plugins_msgs) by extensions ['ros']
[0.180s] Level 1:colcon.colcon_core.package_identification:_identify(uuv_gazebo_plugins/uuv_gazebo_ros_plugins_msgs) by extension 'ros'
[0.180s] DEBUG:colcon.colcon_core.package_identification:Package 'uuv_gazebo_plugins/uuv_gazebo_ros_plugins_msgs' with type 'ros.ament_cmake' and name 'uuv_gazebo_ros_plugins_msgs'
[0.180s] Level 1:colcon.colcon_core.package_identification:_identify(uuv_gazebo_worlds) by extensions ['ignore', 'ignore_ament_install']
[0.180s] Level 1:colcon.colcon_core.package_identification:_identify(uuv_gazebo_worlds) by extension 'ignore'
[0.180s] Level 1:colcon.colcon_core.package_identification:_identify(uuv_gazebo_worlds) by extension 'ignore_ament_install'
[0.180s] Level 1:colcon.colcon_core.package_identification:_identify(uuv_gazebo_worlds) by extensions ['colcon_pkg']
[0.180s] Level 1:colcon.colcon_core.package_identification:_identify(uuv_gazebo_worlds) by extension 'colcon_pkg'
[0.180s] Level 1:colcon.colcon_core.package_identification:_identify(uuv_gazebo_worlds) by extensions ['colcon_meta']
[0.180s] Level 1:colcon.colcon_core.package_identification:_identify(uuv_gazebo_worlds) by extension 'colcon_meta'
[0.180s] Level 1:colcon.colcon_core.package_identification:_identify(uuv_gazebo_worlds) by extensions ['ros']
[0.180s] Level 1:colcon.colcon_core.package_identification:_identify(uuv_gazebo_worlds) by extension 'ros'
[0.181s] DEBUG:colcon.colcon_core.package_identification:Package 'uuv_gazebo_worlds' with type 'ros.ament_cmake' and name 'uuv_gazebo_worlds'
[0.181s] Level 1:colcon.colcon_core.package_identification:_identify(uuv_mapping) by extensions ['ignore', 'ignore_ament_install']
[0.181s] Level 1:colcon.colcon_core.package_identification:_identify(uuv_mapping) by extension 'ignore'
[0.181s] Level 1:colcon.colcon_core.package_identification:_identify(uuv_mapping) by extension 'ignore_ament_install'
[0.181s] Level 1:colcon.colcon_core.package_identification:_identify(uuv_mapping) by extensions ['colcon_pkg']
[0.181s] Level 1:colcon.colcon_core.package_identification:_identify(uuv_mapping) by extension 'colcon_pkg'
[0.181s] Level 1:colcon.colcon_core.package_identification:_identify(uuv_mapping) by extensions ['colcon_meta']
[0.181s] Level 1:colcon.colcon_core.package_identification:_identify(uuv_mapping) by extension 'colcon_meta'
[0.181s] Level 1:colcon.colcon_core.package_identification:_identify(uuv_mapping) by extensions ['ros']
[0.181s] Level 1:colcon.colcon_core.package_identification:_identify(uuv_mapping) by extension 'ros'
[0.181s] DEBUG:colcon.colcon_core.package_identification:Package 'uuv_mapping' with type 'ros.ament_cmake' and name 'uuv_mapping'
[0.181s] Level 1:colcon.colcon_core.package_identification:_identify(uuv_sensor_plugins) by extensions ['ignore', 'ignore_ament_install']
[0.181s] Level 1:colcon.colcon_core.package_identification:_identify(uuv_sensor_plugins) by extension 'ignore'
[0.181s] Level 1:colcon.colcon_core.package_identification:_identify(uuv_sensor_plugins) by extension 'ignore_ament_install'
[0.182s] Level 1:colcon.colcon_core.package_identification:_identify(uuv_sensor_plugins) by extensions ['colcon_pkg']
[0.182s] Level 1:colcon.colcon_core.package_identification:_identify(uuv_sensor_plugins) by extension 'colcon_pkg'
[0.182s] Level 1:colcon.colcon_core.package_identification:_identify(uuv_sensor_plugins) by extensions ['colcon_meta']
[0.182s] Level 1:colcon.colcon_core.package_identification:_identify(uuv_sensor_plugins) by extension 'colcon_meta'
[0.182s] Level 1:colcon.colcon_core.package_identification:_identify(uuv_sensor_plugins) by extensions ['ros']
[0.182s] Level 1:colcon.colcon_core.package_identification:_identify(uuv_sensor_plugins) by extension 'ros'
[0.182s] Level 1:colcon.colcon_core.package_identification:_identify(uuv_sensor_plugins) by extensions ['cmake', 'python']
[0.182s] Level 1:colcon.colcon_core.package_identification:_identify(uuv_sensor_plugins) by extension 'cmake'
[0.182s] Level 1:colcon.colcon_core.package_identification:_identify(uuv_sensor_plugins) by extension 'python'
[0.182s] Level 1:colcon.colcon_core.package_identification:_identify(uuv_sensor_plugins) by extensions ['python_setup_py']
[0.182s] Level 1:colcon.colcon_core.package_identification:_identify(uuv_sensor_plugins) by extension 'python_setup_py'
[0.182s] Level 1:colcon.colcon_core.package_identification:_identify(uuv_sensor_plugins/uuv_sensor_ros_plugins) by extensions ['ignore', 'ignore_ament_install']
[0.182s] Level 1:colcon.colcon_core.package_identification:_identify(uuv_sensor_plugins/uuv_sensor_ros_plugins) by extension 'ignore'
[0.182s] Level 1:colcon.colcon_core.package_identification:_identify(uuv_sensor_plugins/uuv_sensor_ros_plugins) by extension 'ignore_ament_install'
[0.182s] Level 1:colcon.colcon_core.package_identification:_identify(uuv_sensor_plugins/uuv_sensor_ros_plugins) by extensions ['colcon_pkg']
[0.182s] Level 1:colcon.colcon_core.package_identification:_identify(uuv_sensor_plugins/uuv_sensor_ros_plugins) by extension 'colcon_pkg'
[0.182s] Level 1:colcon.colcon_core.package_identification:_identify(uuv_sensor_plugins/uuv_sensor_ros_plugins) by extensions ['colcon_meta']
[0.182s] Level 1:colcon.colcon_core.package_identification:_identify(uuv_sensor_plugins/uuv_sensor_ros_plugins) by extension 'colcon_meta'
[0.182s] Level 1:colcon.colcon_core.package_identification:_identify(uuv_sensor_plugins/uuv_sensor_ros_plugins) by extensions ['ros']
[0.182s] Level 1:colcon.colcon_core.package_identification:_identify(uuv_sensor_plugins/uuv_sensor_ros_plugins) by extension 'ros'
[0.183s] DEBUG:colcon.colcon_core.package_identification:Package 'uuv_sensor_plugins/uuv_sensor_ros_plugins' with type 'ros.ament_cmake' and name 'uuv_sensor_ros_plugins'
[0.183s] Level 1:colcon.colcon_core.package_identification:_identify(uuv_sensor_plugins/uuv_sensor_ros_plugins_msgs) by extensions ['ignore', 'ignore_ament_install']
[0.183s] Level 1:colcon.colcon_core.package_identification:_identify(uuv_sensor_plugins/uuv_sensor_ros_plugins_msgs) by extension 'ignore'
[0.183s] Level 1:colcon.colcon_core.package_identification:_identify(uuv_sensor_plugins/uuv_sensor_ros_plugins_msgs) by extension 'ignore_ament_install'
[0.183s] Level 1:colcon.colcon_core.package_identification:_identify(uuv_sensor_plugins/uuv_sensor_ros_plugins_msgs) by extensions ['colcon_pkg']
[0.183s] Level 1:colcon.colcon_core.package_identification:_identify(uuv_sensor_plugins/uuv_sensor_ros_plugins_msgs) by extension 'colcon_pkg'
[0.183s] Level 1:colcon.colcon_core.package_identification:_identify(uuv_sensor_plugins/uuv_sensor_ros_plugins_msgs) by extensions ['colcon_meta']
[0.183s] Level 1:colcon.colcon_core.package_identification:_identify(uuv_sensor_plugins/uuv_sensor_ros_plugins_msgs) by extension 'colcon_meta'
[0.183s] Level 1:colcon.colcon_core.package_identification:_identify(uuv_sensor_plugins/uuv_sensor_ros_plugins_msgs) by extensions ['ros']
[0.183s] Level 1:colcon.colcon_core.package_identification:_identify(uuv_sensor_plugins/uuv_sensor_ros_plugins_msgs) by extension 'ros'
[0.183s] DEBUG:colcon.colcon_core.package_identification:Package 'uuv_sensor_plugins/uuv_sensor_ros_plugins_msgs' with type 'ros.ament_cmake' and name 'uuv_sensor_ros_plugins_msgs'
[0.183s] Level 1:colcon.colcon_core.package_identification:_identify(uuv_simulator) by extensions ['ignore', 'ignore_ament_install']
[0.183s] Level 1:colcon.colcon_core.package_identification:_identify(uuv_simulator) by extension 'ignore'
[0.183s] Level 1:colcon.colcon_core.package_identification:_identify(uuv_simulator) by extension 'ignore_ament_install'
[0.183s] Level 1:colcon.colcon_core.package_identification:_identify(uuv_simulator) by extensions ['colcon_pkg']
[0.183s] Level 1:colcon.colcon_core.package_identification:_identify(uuv_simulator) by extension 'colcon_pkg'
[0.183s] Level 1:colcon.colcon_core.package_identification:_identify(uuv_simulator) by extensions ['colcon_meta']
[0.183s] Level 1:colcon.colcon_core.package_identification:_identify(uuv_simulator) by extension 'colcon_meta'
[0.183s] Level 1:colcon.colcon_core.package_identification:_identify(uuv_simulator) by extensions ['ros']
[0.183s] Level 1:colcon.colcon_core.package_identification:_identify(uuv_simulator) by extension 'ros'
[0.184s] DEBUG:colcon.colcon_core.package_identification:Package 'uuv_simulator' with type 'ros.ament_cmake' and name 'uuv_simulator'
[0.184s] Level 1:colcon.colcon_core.package_identification:_identify(uuv_teleop) by extensions ['ignore', 'ignore_ament_install']
[0.184s] Level 1:colcon.colcon_core.package_identification:_identify(uuv_teleop) by extension 'ignore'
[0.184s] Level 1:colcon.colcon_core.package_identification:_identify(uuv_teleop) by extension 'ignore_ament_install'
[0.184s] Level 1:colcon.colcon_core.package_identification:_identify(uuv_teleop) by extensions ['colcon_pkg']
[0.184s] Level 1:colcon.colcon_core.package_identification:_identify(uuv_teleop) by extension 'colcon_pkg'
[0.184s] Level 1:colcon.colcon_core.package_identification:_identify(uuv_teleop) by extensions ['colcon_meta']
[0.184s] Level 1:colcon.colcon_core.package_identification:_identify(uuv_teleop) by extension 'colcon_meta'
[0.184s] Level 1:colcon.colcon_core.package_identification:_identify(uuv_teleop) by extensions ['ros']
[0.184s] Level 1:colcon.colcon_core.package_identification:_identify(uuv_teleop) by extension 'ros'
[0.184s] DEBUG:colcon.colcon_core.package_identification:Package 'uuv_teleop' with type 'ros.ament_cmake' and name 'uuv_teleop'
[0.184s] Level 1:colcon.colcon_core.package_identification:_identify(uuv_tutorials) by extensions ['ignore', 'ignore_ament_install']
[0.184s] Level 1:colcon.colcon_core.package_identification:_identify(uuv_tutorials) by extension 'ignore'
[0.184s] Level 1:colcon.colcon_core.package_identification:_identify(uuv_tutorials) by extension 'ignore_ament_install'
[0.184s] Level 1:colcon.colcon_core.package_identification:_identify(uuv_tutorials) by extensions ['colcon_pkg']
[0.184s] Level 1:colcon.colcon_core.package_identification:_identify(uuv_tutorials) by extension 'colcon_pkg'
[0.184s] Level 1:colcon.colcon_core.package_identification:_identify(uuv_tutorials) by extensions ['colcon_meta']
[0.184s] Level 1:colcon.colcon_core.package_identification:_identify(uuv_tutorials) by extension 'colcon_meta'
[0.184s] Level 1:colcon.colcon_core.package_identification:_identify(uuv_tutorials) by extensions ['ros']
[0.184s] Level 1:colcon.colcon_core.package_identification:_identify(uuv_tutorials) by extension 'ros'
[0.184s] Level 1:colcon.colcon_core.package_identification:_identify(uuv_tutorials) by extensions ['cmake', 'python']
[0.184s] Level 1:colcon.colcon_core.package_identification:_identify(uuv_tutorials) by extension 'cmake'
[0.184s] Level 1:colcon.colcon_core.package_identification:_identify(uuv_tutorials) by extension 'python'
[0.185s] Level 1:colcon.colcon_core.package_identification:_identify(uuv_tutorials) by extensions ['python_setup_py']
[0.185s] Level 1:colcon.colcon_core.package_identification:_identify(uuv_tutorials) by extension 'python_setup_py'
[0.185s] Level 1:colcon.colcon_core.package_identification:_identify(uuv_tutorials/uuv_tutorial_disturbances) by extensions ['ignore', 'ignore_ament_install']
[0.185s] Level 1:colcon.colcon_core.package_identification:_identify(uuv_tutorials/uuv_tutorial_disturbances) by extension 'ignore'
[0.185s] Level 1:colcon.colcon_core.package_identification:_identify(uuv_tutorials/uuv_tutorial_disturbances) by extension 'ignore_ament_install'
[0.185s] Level 1:colcon.colcon_core.package_identification:_identify(uuv_tutorials/uuv_tutorial_disturbances) by extensions ['colcon_pkg']
[0.185s] Level 1:colcon.colcon_core.package_identification:_identify(uuv_tutorials/uuv_tutorial_disturbances) by extension 'colcon_pkg'
[0.185s] Level 1:colcon.colcon_core.package_identification:_identify(uuv_tutorials/uuv_tutorial_disturbances) by extensions ['colcon_meta']
[0.185s] Level 1:colcon.colcon_core.package_identification:_identify(uuv_tutorials/uuv_tutorial_disturbances) by extension 'colcon_meta'
[0.185s] Level 1:colcon.colcon_core.package_identification:_identify(uuv_tutorials/uuv_tutorial_disturbances) by extensions ['ros']
[0.185s] Level 1:colcon.colcon_core.package_identification:_identify(uuv_tutorials/uuv_tutorial_disturbances) by extension 'ros'
[0.185s] DEBUG:colcon.colcon_core.package_identification:Package 'uuv_tutorials/uuv_tutorial_disturbances' with type 'ros.ament_cmake' and name 'uuv_tutorial_disturbances'
[0.185s] Level 1:colcon.colcon_core.package_identification:_identify(uuv_tutorials/uuv_tutorial_dp_controller) by extensions ['ignore', 'ignore_ament_install']
[0.185s] Level 1:colcon.colcon_core.package_identification:_identify(uuv_tutorials/uuv_tutorial_dp_controller) by extension 'ignore'
[0.185s] Level 1:colcon.colcon_core.package_identification:_identify(uuv_tutorials/uuv_tutorial_dp_controller) by extension 'ignore_ament_install'
[0.185s] Level 1:colcon.colcon_core.package_identification:_identify(uuv_tutorials/uuv_tutorial_dp_controller) by extensions ['colcon_pkg']
[0.185s] Level 1:colcon.colcon_core.package_identification:_identify(uuv_tutorials/uuv_tutorial_dp_controller) by extension 'colcon_pkg'
[0.185s] Level 1:colcon.colcon_core.package_identification:_identify(uuv_tutorials/uuv_tutorial_dp_controller) by extensions ['colcon_meta']
[0.185s] Level 1:colcon.colcon_core.package_identification:_identify(uuv_tutorials/uuv_tutorial_dp_controller) by extension 'colcon_meta'
[0.185s] Level 1:colcon.colcon_core.package_identification:_identify(uuv_tutorials/uuv_tutorial_dp_controller) by extensions ['ros']
[0.185s] Level 1:colcon.colcon_core.package_identification:_identify(uuv_tutorials/uuv_tutorial_dp_controller) by extension 'ros'
[0.185s] DEBUG:colcon.colcon_core.package_identification:Package 'uuv_tutorials/uuv_tutorial_dp_controller' with type 'ros.ament_cmake' and name 'uuv_tutorial_dp_controller'
[0.186s] Level 1:colcon.colcon_core.package_identification:_identify(uuv_tutorials/uuv_tutorial_rov_model) by extensions ['ignore', 'ignore_ament_install']
[0.186s] Level 1:colcon.colcon_core.package_identification:_identify(uuv_tutorials/uuv_tutorial_rov_model) by extension 'ignore'
[0.186s] Level 1:colcon.colcon_core.package_identification:_identify(uuv_tutorials/uuv_tutorial_rov_model) ignored
[0.186s] Level 1:colcon.colcon_core.package_identification:_identify(uuv_tutorials/uuv_tutorial_seabed_world) by extensions ['ignore', 'ignore_ament_install']
[0.186s] Level 1:colcon.colcon_core.package_identification:_identify(uuv_tutorials/uuv_tutorial_seabed_world) by extension 'ignore'
[0.186s] Level 1:colcon.colcon_core.package_identification:_identify(uuv_tutorials/uuv_tutorial_seabed_world) by extension 'ignore_ament_install'
[0.186s] Level 1:colcon.colcon_core.package_identification:_identify(uuv_tutorials/uuv_tutorial_seabed_world) by extensions ['colcon_pkg']
[0.186s] Level 1:colcon.colcon_core.package_identification:_identify(uuv_tutorials/uuv_tutorial_seabed_world) by extension 'colcon_pkg'
[0.186s] Level 1:colcon.colcon_core.package_identification:_identify(uuv_tutorials/uuv_tutorial_seabed_world) by extensions ['colcon_meta']
[0.186s] Level 1:colcon.colcon_core.package_identification:_identify(uuv_tutorials/uuv_tutorial_seabed_world) by extension 'colcon_meta'
[0.186s] Level 1:colcon.colcon_core.package_identification:_identify(uuv_tutorials/uuv_tutorial_seabed_world) by extensions ['ros']
[0.186s] Level 1:colcon.colcon_core.package_identification:_identify(uuv_tutorials/uuv_tutorial_seabed_world) by extension 'ros'
[0.186s] DEBUG:colcon.colcon_core.package_identification:Package 'uuv_tutorials/uuv_tutorial_seabed_world' with type 'ros.ament_cmake' and name 'uuv_tutorial_seabed_world'
[0.186s] Level 1:colcon.colcon_core.package_identification:_identify(uuv_tutorials/uuv_tutorials) by extensions ['ignore', 'ignore_ament_install']
[0.186s] Level 1:colcon.colcon_core.package_identification:_identify(uuv_tutorials/uuv_tutorials) by extension 'ignore'
[0.186s] Level 1:colcon.colcon_core.package_identification:_identify(uuv_tutorials/uuv_tutorials) by extension 'ignore_ament_install'
[0.186s] Level 1:colcon.colcon_core.package_identification:_identify(uuv_tutorials/uuv_tutorials) by extensions ['colcon_pkg']
[0.186s] Level 1:colcon.colcon_core.package_identification:_identify(uuv_tutorials/uuv_tutorials) by extension 'colcon_pkg'
[0.186s] Level 1:colcon.colcon_core.package_identification:_identify(uuv_tutorials/uuv_tutorials) by extensions ['colcon_meta']
[0.186s] Level 1:colcon.colcon_core.package_identification:_identify(uuv_tutorials/uuv_tutorials) by extension 'colcon_meta'
[0.186s] Level 1:colcon.colcon_core.package_identification:_identify(uuv_tutorials/uuv_tutorials) by extensions ['ros']
[0.186s] Level 1:colcon.colcon_core.package_identification:_identify(uuv_tutorials/uuv_tutorials) by extension 'ros'
[0.187s] DEBUG:colcon.colcon_core.package_identification:Package 'uuv_tutorials/uuv_tutorials' with type 'ros.ament_cmake' and name 'uuv_tutorials'
[0.187s] Level 1:colcon.colcon_core.package_identification:_identify(uuv_world_plugins) by extensions ['ignore', 'ignore_ament_install']
[0.187s] Level 1:colcon.colcon_core.package_identification:_identify(uuv_world_plugins) by extension 'ignore'
[0.187s] Level 1:colcon.colcon_core.package_identification:_identify(uuv_world_plugins) by extension 'ignore_ament_install'
[0.187s] Level 1:colcon.colcon_core.package_identification:_identify(uuv_world_plugins) by extensions ['colcon_pkg']
[0.187s] Level 1:colcon.colcon_core.package_identification:_identify(uuv_world_plugins) by extension 'colcon_pkg'
[0.187s] Level 1:colcon.colcon_core.package_identification:_identify(uuv_world_plugins) by extensions ['colcon_meta']
[0.187s] Level 1:colcon.colcon_core.package_identification:_identify(uuv_world_plugins) by extension 'colcon_meta'
[0.187s] Level 1:colcon.colcon_core.package_identification:_identify(uuv_world_plugins) by extensions ['ros']
[0.187s] Level 1:colcon.colcon_core.package_identification:_identify(uuv_world_plugins) by extension 'ros'
[0.187s] Level 1:colcon.colcon_core.package_identification:_identify(uuv_world_plugins) by extensions ['cmake', 'python']
[0.187s] Level 1:colcon.colcon_core.package_identification:_identify(uuv_world_plugins) by extension 'cmake'
[0.187s] Level 1:colcon.colcon_core.package_identification:_identify(uuv_world_plugins) by extension 'python'
[0.187s] Level 1:colcon.colcon_core.package_identification:_identify(uuv_world_plugins) by extensions ['python_setup_py']
[0.187s] Level 1:colcon.colcon_core.package_identification:_identify(uuv_world_plugins) by extension 'python_setup_py'
[0.187s] Level 1:colcon.colcon_core.package_identification:_identify(uuv_world_plugins/uuv_world_plugins) by extensions ['ignore', 'ignore_ament_install']
[0.187s] Level 1:colcon.colcon_core.package_identification:_identify(uuv_world_plugins/uuv_world_plugins) by extension 'ignore'
[0.187s] Level 1:colcon.colcon_core.package_identification:_identify(uuv_world_plugins/uuv_world_plugins) by extension 'ignore_ament_install'
[0.187s] Level 1:colcon.colcon_core.package_identification:_identify(uuv_world_plugins/uuv_world_plugins) by extensions ['colcon_pkg']
[0.187s] Level 1:colcon.colcon_core.package_identification:_identify(uuv_world_plugins/uuv_world_plugins) by extension 'colcon_pkg'
[0.187s] Level 1:colcon.colcon_core.package_identification:_identify(uuv_world_plugins/uuv_world_plugins) by extensions ['colcon_meta']
[0.187s] Level 1:colcon.colcon_core.package_identification:_identify(uuv_world_plugins/uuv_world_plugins) by extension 'colcon_meta'
[0.187s] Level 1:colcon.colcon_core.package_identification:_identify(uuv_world_plugins/uuv_world_plugins) by extensions ['ros']
[0.187s] Level 1:colcon.colcon_core.package_identification:_identify(uuv_world_plugins/uuv_world_plugins) by extension 'ros'
[0.187s] DEBUG:colcon.colcon_core.package_identification:Package 'uuv_world_plugins/uuv_world_plugins' with type 'ros.ament_cmake' and name 'uuv_world_plugins'
[0.187s] Level 1:colcon.colcon_core.package_identification:_identify(uuv_world_plugins/uuv_world_ros_plugins) by extensions ['ignore', 'ignore_ament_install']
[0.187s] Level 1:colcon.colcon_core.package_identification:_identify(uuv_world_plugins/uuv_world_ros_plugins) by extension 'ignore'
[0.187s] Level 1:colcon.colcon_core.package_identification:_identify(uuv_world_plugins/uuv_world_ros_plugins) by extension 'ignore_ament_install'
[0.187s] Level 1:colcon.colcon_core.package_identification:_identify(uuv_world_plugins/uuv_world_ros_plugins) by extensions ['colcon_pkg']
[0.187s] Level 1:colcon.colcon_core.package_identification:_identify(uuv_world_plugins/uuv_world_ros_plugins) by extension 'colcon_pkg'
[0.188s] Level 1:colcon.colcon_core.package_identification:_identify(uuv_world_plugins/uuv_world_ros_plugins) by extensions ['colcon_meta']
[0.188s] Level 1:colcon.colcon_core.package_identification:_identify(uuv_world_plugins/uuv_world_ros_plugins) by extension 'colcon_meta'
[0.188s] Level 1:colcon.colcon_core.package_identification:_identify(uuv_world_plugins/uuv_world_ros_plugins) by extensions ['ros']
[0.188s] Level 1:colcon.colcon_core.package_identification:_identify(uuv_world_plugins/uuv_world_ros_plugins) by extension 'ros'
[0.188s] DEBUG:colcon.colcon_core.package_identification:Package 'uuv_world_plugins/uuv_world_ros_plugins' with type 'ros.ament_cmake' and name 'uuv_world_ros_plugins'
[0.188s] Level 1:colcon.colcon_core.package_identification:_identify(uuv_world_plugins/uuv_world_ros_plugins_msgs) by extensions ['ignore', 'ignore_ament_install']
[0.188s] Level 1:colcon.colcon_core.package_identification:_identify(uuv_world_plugins/uuv_world_ros_plugins_msgs) by extension 'ignore'
[0.188s] Level 1:colcon.colcon_core.package_identification:_identify(uuv_world_plugins/uuv_world_ros_plugins_msgs) by extension 'ignore_ament_install'
[0.188s] Level 1:colcon.colcon_core.package_identification:_identify(uuv_world_plugins/uuv_world_ros_plugins_msgs) by extensions ['colcon_pkg']
[0.188s] Level 1:colcon.colcon_core.package_identification:_identify(uuv_world_plugins/uuv_world_ros_plugins_msgs) by extension 'colcon_pkg'
[0.188s] Level 1:colcon.colcon_core.package_identification:_identify(uuv_world_plugins/uuv_world_ros_plugins_msgs) by extensions ['colcon_meta']
[0.188s] Level 1:colcon.colcon_core.package_identification:_identify(uuv_world_plugins/uuv_world_ros_plugins_msgs) by extension 'colcon_meta'
[0.188s] Level 1:colcon.colcon_core.package_identification:_identify(uuv_world_plugins/uuv_world_ros_plugins_msgs) by extensions ['ros']
[0.188s] Level 1:colcon.colcon_core.package_identification:_identify(uuv_world_plugins/uuv_world_ros_plugins_msgs) by extension 'ros'
[0.189s] DEBUG:colcon.colcon_core.package_identification:Package 'uuv_world_plugins/uuv_world_ros_plugins_msgs' with type 'ros.ament_cmake' and name 'uuv_world_ros_plugins_msgs'
[0.189s] Level 1:colcon.colcon_core.package_discovery:discover_packages(recursive) using defaults
[0.189s] Level 1:colcon.colcon_core.package_discovery:discover_packages(ignore) discover
[0.189s] Level 1:colcon.colcon_core.package_discovery:discover_packages(ignore) using defaults
[0.189s] Level 1:colcon.colcon_core.package_discovery:discover_packages(path) discover
[0.189s] Level 1:colcon.colcon_core.package_discovery:discover_packages(path) using defaults
[0.189s] WARNING:colcon.colcon_core.package_selection:ignoring unknown package 'fish_1_plugin' in --packages-select
[0.189s] WARNING:colcon.colcon_core.package_selection:ignoring unknown package 'fish_2_plugin' in --packages-select
[0.203s] INFO:colcon.colcon_core.package_selection:Skipping not selected package 'animated_fish1' in 'fish_1_plugin'
[0.203s] INFO:colcon.colcon_core.package_selection:Skipping not selected package 'animated_fish2' in 'fish_2_plugin'
[0.203s] INFO:colcon.colcon_core.package_selection:Skipping not selected package 'bluerov2_heavy_thruster_manager' in 'bluerov2_heavy_control/bluerov2_heavy_thruster_manager'
[0.203s] INFO:colcon.colcon_core.package_selection:Skipping not selected package 'plankton_utils' in 'plankton_utils'
[0.204s] INFO:colcon.colcon_core.package_selection:Skipping not selected package 'uuv_control_msgs' in 'uuv_control/uuv_control_msgs'
[0.204s] INFO:colcon.colcon_core.package_selection:Skipping not selected package 'uuv_gazebo' in 'uuv_gazebo'
[0.204s] INFO:colcon.colcon_core.package_selection:Skipping not selected package 'uuv_gazebo_plugins' in 'uuv_gazebo_plugins/uuv_gazebo_plugins'
[0.204s] INFO:colcon.colcon_core.package_selection:Skipping not selected package 'uuv_gazebo_ros_plugins_msgs' in 'uuv_gazebo_plugins/uuv_gazebo_ros_plugins_msgs'
[0.204s] INFO:colcon.colcon_core.package_selection:Skipping not selected package 'uuv_gazebo_worlds' in 'uuv_gazebo_worlds'
[0.204s] INFO:colcon.colcon_core.package_selection:Skipping not selected package 'uuv_sensor_ros_plugins_msgs' in 'uuv_sensor_plugins/uuv_sensor_ros_plugins_msgs'
[0.204s] INFO:colcon.colcon_core.package_selection:Skipping not selected package 'uuv_tutorial_seabed_world' in 'uuv_tutorials/uuv_tutorial_seabed_world'
[0.204s] INFO:colcon.colcon_core.package_selection:Skipping not selected package 'uuv_world_plugins' in 'uuv_world_plugins/uuv_world_plugins'
[0.204s] INFO:colcon.colcon_core.package_selection:Skipping not selected package 'uuv_world_ros_plugins_msgs' in 'uuv_world_plugins/uuv_world_ros_plugins_msgs'
[0.204s] INFO:colcon.colcon_core.package_selection:Skipping not selected package 'uuv_assistants' in 'uuv_assistants'
[0.204s] INFO:colcon.colcon_core.package_selection:Skipping not selected package 'uuv_auv_control_allocator' in 'uuv_control/uuv_auv_control_allocator'
[0.204s] INFO:colcon.colcon_core.package_selection:Skipping not selected package 'uuv_control_cascaded_pid' in 'uuv_control/uuv_control_cascaded_pids'
[0.204s] INFO:colcon.colcon_core.package_selection:Skipping not selected package 'uuv_gazebo_ros_plugins' in 'uuv_gazebo_plugins/uuv_gazebo_ros_plugins'
[0.204s] INFO:colcon.colcon_core.package_selection:Skipping not selected package 'uuv_sensor_ros_plugins' in 'uuv_sensor_plugins/uuv_sensor_ros_plugins'
[0.204s] INFO:colcon.colcon_core.package_selection:Skipping not selected package 'uuv_world_ros_plugins' in 'uuv_world_plugins/uuv_world_ros_plugins'
[0.204s] INFO:colcon.colcon_core.package_selection:Skipping not selected package 'uuv_descriptions' in 'uuv_descriptions'
[0.204s] INFO:colcon.colcon_core.package_selection:Skipping not selected package 'uuv_thruster_manager' in 'uuv_control/uuv_thruster_manager'
[0.204s] INFO:colcon.colcon_core.package_selection:Skipping not selected package 'uuv_trajectory_control' in 'uuv_control/uuv_trajectory_control'
[0.204s] INFO:colcon.colcon_core.package_selection:Skipping not selected package 'uuv_control_utils' in 'uuv_control/uuv_control_utils'
[0.204s] INFO:colcon.colcon_core.package_selection:Skipping not selected package 'uuv_mapping' in 'uuv_mapping'
[0.204s] INFO:colcon.colcon_core.package_selection:Skipping not selected package 'uuv_teleop' in 'uuv_teleop'
[0.204s] INFO:colcon.colcon_core.package_selection:Skipping not selected package 'uuv_simulator' in 'uuv_simulator'
[0.204s] INFO:colcon.colcon_core.package_selection:Skipping not selected package 'uuv_tutorial_disturbances' in 'uuv_tutorials/uuv_tutorial_disturbances'
[0.204s] INFO:colcon.colcon_core.package_selection:Skipping not selected package 'uuv_tutorial_dp_controller' in 'uuv_tutorials/uuv_tutorial_dp_controller'
[0.204s] INFO:colcon.colcon_core.package_selection:Skipping not selected package 'plankton' in 'plankton'
[0.204s] INFO:colcon.colcon_core.package_selection:Skipping not selected package 'uuv_tutorials' in 'uuv_tutorials/uuv_tutorials'
[0.204s] Level 1:colcon.colcon_core.package_discovery:discover_packages(prefix_path) check parameters
[0.204s] Level 1:colcon.colcon_core.package_discovery:discover_packages(prefix_path) discover
[0.205s] DEBUG:colcon.colcon_installed_package_information.package_discovery:Found 28 installed packages in /home/louis/uuv_ws/install
[0.206s] DEBUG:colcon.colcon_installed_package_information.package_discovery:Found 421 installed packages in /opt/ros/humble
[0.207s] Level 1:colcon.colcon_core.package_discovery:discover_packages(prefix_path) using defaults
[0.230s] INFO:colcon.colcon_core.executor:Executing jobs using 'parallel' executor
[0.230s] DEBUG:colcon.colcon_parallel_executor.executor.parallel:run_until_complete
[0.230s] DEBUG:colcon.colcon_parallel_executor.executor.parallel:closing loop
[0.230s] DEBUG:colcon.colcon_parallel_executor.executor.parallel:loop closed
[0.230s] DEBUG:colcon.colcon_parallel_executor.executor.parallel:run_until_complete finished with '0'
[0.230s] DEBUG:colcon.colcon_core.event_reactor:joining thread
[0.235s] INFO:colcon.colcon_core.plugin_system:Skipping extension 'colcon_notification.desktop_notification.terminal_notifier': Not used on non-Darwin systems
[0.235s] INFO:colcon.colcon_core.plugin_system:Skipping extension 'colcon_notification.desktop_notification.win32': Not used on non-Windows systems
[0.235s] INFO:colcon.colcon_notification.desktop_notification:Sending desktop notification using 'notify2'
[0.242s] DEBUG:colcon.colcon_core.event_reactor:joined thread
[0.243s] INFO:colcon.colcon_core.plugin_system:Skipping extension 'colcon_core.shell.bat': Not used on non-Windows systems
[0.243s] INFO:colcon.colcon_core.shell:Creating prefix script '/home/louis/uuv_ws/src/Plankton/install/local_setup.ps1'
[0.244s] INFO:colcon.colcon_core.shell:Creating prefix util module '/home/louis/uuv_ws/src/Plankton/install/_local_setup_util_ps1.py'
[0.244s] INFO:colcon.colcon_core.shell:Creating prefix chain script '/home/louis/uuv_ws/src/Plankton/install/setup.ps1'
[0.245s] INFO:colcon.colcon_core.shell:Creating prefix script '/home/louis/uuv_ws/src/Plankton/install/local_setup.sh'
[0.245s] INFO:colcon.colcon_core.shell:Creating prefix util module '/home/louis/uuv_ws/src/Plankton/install/_local_setup_util_sh.py'
[0.246s] INFO:colcon.colcon_core.shell:Creating prefix chain script '/home/louis/uuv_ws/src/Plankton/install/setup.sh'
[0.246s] INFO:colcon.colcon_core.shell:Creating prefix script '/home/louis/uuv_ws/src/Plankton/install/local_setup.bash'
[0.247s] INFO:colcon.colcon_core.shell:Creating prefix chain script '/home/louis/uuv_ws/src/Plankton/install/setup.bash'
[0.247s] INFO:colcon.colcon_core.shell:Creating prefix script '/home/louis/uuv_ws/src/Plankton/install/local_setup.zsh'
[0.248s] INFO:colcon.colcon_core.shell:Creating prefix chain script '/home/louis/uuv_ws/src/Plankton/install/setup.zsh'
